
   PASS  Tests\Unit\ExampleTest
  Γ£ô that true is true

   PASS  Tests\Feature\Auth\AuthenticationTest
  Γ£ô login screen can be rendered                                              0.26s  
  Γ£ô users can authenticate using the login screen                             0.04s  
  Γ£ô users can not authenticate with invalid password                          0.21s  
  Γ£ô users can logout                                                          0.01s  

   PASS  Tests\Feature\Auth\EmailVerificationTest
  Γ£ô email verification screen can be rendered                                 0.02s  
  Γ£ô email can be verified                                                     0.01s  
  Γ£ô email is not verified with invalid hash                                   0.01s  

   PASS  Tests\Feature\Auth\PasswordConfirmationTest
  Γ£ô confirm password screen can be rendered                                   0.02s  
  Γ£ô password can be confirmed                                                 0.01s  
  Γ£ô password is not confirmed with invalid password                           0.22s  

   PASS  Tests\Feature\Auth\PasswordResetTest
  Γ£ô reset password link screen can be rendered                                0.02s  
  Γ£ô reset password link can be requested                                      0.21s  
  Γ£ô reset password screen can be rendered                                     0.22s  
  Γ£ô password can be reset with valid token                                    0.22s  

   PASS  Tests\Feature\Auth\PasswordUpdateTest
  Γ£ô password can be updated                                                   0.02s  
  Γ£ô correct password must be provided to update password                      0.01s  

   PASS  Tests\Feature\Auth\RegistrationTest
  Γ£ô registration screen can be rendered                                       0.01s  
  Γ£ô new users can register                                                    0.01s  

   PASS  Tests\Feature\ExampleTest
  Γ£ô the application returns a successful response                             0.01s  

   PASS  Tests\Feature\ProfileTest
  Γ£ô profile page is displayed                                                 0.02s  
  Γ£ô profile information can be updated                                        0.01s  
  Γ£ô email verification status is unchanged when the email address is unchangΓÇª 0.01s  
  Γ£ô user can delete their account                                             0.01s  
  Γ£ô correct password must be provided to delete account                       0.01s  

   PASS  Tests\Feature\ToolRunnerTest
  Γ£ô tool runner executes and stores run                                       0.02s  

   FAIL  Tests\Feature\WorkflowTest
  Γ¿» workflow job executes steps                                               0.02s  
  ΓöÇΓöÇΓöÇΓöÇΓöÇΓöÇΓöÇΓöÇΓöÇΓöÇΓöÇΓöÇΓöÇΓöÇΓöÇΓöÇΓöÇΓöÇΓöÇΓöÇΓöÇΓöÇΓöÇΓöÇΓöÇΓöÇΓöÇΓöÇΓöÇΓöÇΓöÇΓöÇΓöÇΓöÇΓöÇΓöÇΓöÇΓöÇΓöÇΓöÇΓöÇΓöÇΓöÇΓöÇΓöÇΓöÇΓöÇΓöÇΓöÇΓöÇΓöÇΓöÇΓöÇΓöÇΓöÇΓöÇΓöÇΓöÇΓöÇΓöÇΓöÇΓöÇΓöÇΓöÇΓöÇΓöÇΓöÇΓöÇΓöÇΓöÇΓöÇΓöÇΓöÇΓöÇΓöÇΓöÇΓöÇΓöÇΓöÇΓöÇΓöÇ  
   FAILED  Tests\Feature\WorkflowTest > workflow job exeΓÇª  MassAssignmentException   
  Add [user_id] to fillable property to allow mass assignment on [App\Models\Workflow].

  at vendor\laravel\framework\src\Illuminate\Database\Eloquent\Model.php:624
    620Γûò             } elseif ($totallyGuarded || static::preventsSilentlyDiscardingAttributes()) {
    621Γûò                 if (isset(static::$discardedAttributeViolationCallback)) {
    622Γûò                     call_user_func(static::$discardedAttributeViolationCallback, $this, [$key]);
    623Γûò                 } else {
  Γ₧£ 624Γûò                     throw new MassAssignmentException(sprintf(
    625Γûò                         'Add [%s] to fillable property to allow mass assignment on [%s].',
    626Γûò                         $key, get_class($this)
    627Γûò                     ));
    628Γûò                 }

  1   vendor\laravel\framework\src\Illuminate\Database\Eloquent\Model.php:624
  2   vendor\laravel\framework\src\Illuminate\Database\Eloquent\Model.php:713


  Tests:    1 failed, 26 passed (63 assertions)
  Duration: 1.78s

